#
# There is insufficient memory for the Java Runtime Environment to continue.
# Native memory allocation (mmap) failed to map 264241152 bytes. Error detail: G1 virtual space
# Possible reasons:
#   The system is out of physical RAM or swap space
#   This process is running with CompressedOops enabled, and the Java Heap may be blocking the growth of the native heap
# Possible solutions:
#   Reduce memory load on the system
#   Increase physical memory or swap space
#   Check if swap backing store is full
#   Decrease Java heap size (-Xmx/-Xms)
#   Decrease number of Java threads
#   Decrease Java thread stack sizes (-Xss)
#   Set larger code cache with -XX:ReservedCodeCacheSize=
#   JVM is running with Zero Based Compressed Oops mode in which the Java heap is
#     placed in the first 32GB address space. The Java Heap base address is the
#     maximum limit for the native heap growth. Please use -XX:HeapBaseMinAddress
#     to set the Java Heap base and to place the Java Heap above 32GB virtual address.
# This output file may be truncated or incomplete.
#
#  Out of Memory Error (os_windows.cpp:3926), pid=13148, tid=17252
#
# JRE version:  (21.0.10) (build )
# Java VM: OpenJDK 64-Bit Server VM (21.0.10+-14961533-b1163.108, mixed mode, sharing, tiered, compressed oops, compressed class ptrs, g1 gc, windows-amd64)
# No core dump will be written. Minidumps are not enabled by default on client versions of Windows
#

---------------  S U M M A R Y ------------

Command Line: org.jetbrains.kotlin.cli.jvm.K2JVMCompiler @C:\Users\Nitro\AndroidStudioProjects\OnServe\app\build\20260502_11688539548535864671.compiler.options

Host: 12th Gen Intel(R) Core(TM) i7-12650H, 16 cores, 15G,  Windows 11 , 64 bit Build 26100 (10.0.26100.8328)
Time: Sat May  2 14:23:16 2026 Malay Peninsula Standard Time elapsed time: 2.043724 seconds (0d 0h 0m 2s)

---------------  T H R E A D  ---------------

Current thread (0x000001f43608be10):  JavaThread "Unknown thread" [_thread_in_vm, id=17252, stack(0x000000f2b4b00000,0x000000f2b4c00000) (1024K)]

Stack: [0x000000f2b4b00000,0x000000f2b4c00000]
Native frames: (J=compiled Java code, j=interpreted, Vv=VM code, C=native code)
V  [jvm.dll+0x6d78a9]
V  [jvm.dll+0x8665b3]
V  [jvm.dll+0x868bde]
V  [jvm.dll+0x8692c3]
V  [jvm.dll+0x280ee6]
V  [jvm.dll+0x6d4165]
V  [jvm.dll+0x6c77fa]
V  [jvm.dll+0x358f4b]
V  [jvm.dll+0x360bc6]
V  [jvm.dll+0x3b2ea6]
V  [jvm.dll+0x3b3178]
V  [jvm.dll+0x32b65c]
V  [jvm.dll+0x32c34b]
V  [jvm.dll+0x82f449]
V  [jvm.dll+0x3c0078]
V  [jvm.dll+0x8185e8]
V  [jvm.dll+0x45449e]
V  [jvm.dll+0x455c01]
C  [jli.dll+0x52ab]
C  [ucrtbase.dll+0x37b0]
C  [KERNEL32.DLL+0x2e957]
C  [ntdll.dll+0x427c]


---------------  P R O C E S S  ---------------

Threads class SMR info:
_java_thread_list=0x00007ffa680cb9c8, length=0, elements={
}

Java Threads: ( => current thread )
Total: 0

Other Threads:
  0x000001f4383fe000 WorkerThread "GC Thread#0"                     [id=11636, stack(0x000000f2b4c00000,0x000000f2b4d00000) (1024K)]
  0x000001f438410150 ConcurrentGCThread "G1 Main Marker"            [id=3152, stack(0x000000f2b4d00000,0x000000f2b4e00000) (1024K)]
  0x000001f438411b10 WorkerThread "G1 Conc#0"                       [id=12584, stack(0x000000f2b4e00000,0x000000f2b4f00000) (1024K)]

[error occurred during error reporting (printing all threads), id 0xc0000005, EXCEPTION_ACCESS_VIOLATION (0xc0000005) at pc=0x00007ffa678be637]
VM state: not at safepoint (not fully initialized)

VM Mutex/Monitor currently owned by a thread:  ([mutex/lock_event])
[0x00007ffa681387d0] Heap_lock - owner thread: 0x000001f43608be10

Heap address: 0x0000000704e00000, size: 4018 MB, Compressed Oops mode: Zero based, Oop shift amount: 3

CDS archive(s) mapped at: [0x0000000000000000-0x0000000000000000-0x0000000000000000), size 0, SharedBaseAddress: 0x0000000800000000, ArchiveRelocationMode: 1.
Narrow klass base: 0x0000000000000000, Narrow klass shift: 0, Narrow klass range: 0x0

GC Precious Log:
 CardTable entry size: 512
 Card Set container configuration: InlinePtr #cards 4 size 8 Array Of Cards #cards 16 size 48 Howl #buckets 8 coarsen threshold 3686 Howl Bitmap #cards 512 size 80 coarsen threshold 460 Card regions per heap region 1 cards per card region 4096

Heap:
 garbage-first heap   total 0K, used 0K [0x0000000704e00000, 0x0000000800000000)
  region size 2048K, 0 young (0K), 0 survivors (0K)
 Metaspace       used 0K, committed 0K, reserved 0K
  class space    used 0K, committed 0K, reserved 0K

Heap Regions: E=young(eden), S=young(survivor), O=old, HS=humongous(starts), HC=humongous(continues), CS=collection set, F=free, TAMS=top-at-mark-start, PB=parsable bottom

Card table byte_map: [0x000001f44b560000,0x000001f44bd40000] _byte_map_base: 0x000001f447d39000

Marking Bits: (CMBitMap*) 0x000001f4383fe710
 Bits: [0x000001f44bd40000, 0x000001f44fc08000)

GC Heap History (0 events):
No events

Dll operation events (1 events):
Event: 0.017 Loaded shared library D:\Android Studio\jbr\bin\java.dll

Deoptimization events (0 events):
No events

Classes loaded (0 events):
No events

Classes unloaded (0 events):
No events

Classes redefined (0 events):
No events

Internal exceptions (0 events):
No events

ZGC Phase Switch (0 events):
No events

VM Operations (0 events):
No events

Memory protections (0 events):
No events

Nmethod flushes (0 events):
No events

Events (0 events):
No events


Dynamic libraries:
0x00007ff6ecc60000 - 0x00007ff6ecc6a000 	D:\Android Studio\jbr\bin\java.exe
0x00007ffaf5fc0000 - 0x00007ffaf6227000 	C:\WINDOWS\SYSTEM32\ntdll.dll
0x00007ffaf5d50000 - 0x00007ffaf5e19000 	C:\WINDOWS\System32\KERNEL32.DLL
0x00007ffaf3520000 - 0x00007ffaf3917000 	C:\WINDOWS\System32\KERNELBASE.dll
0x00007ffaf29f0000 - 0x00007ffaf2b3b000 	C:\WINDOWS\System32\ucrtbase.dll
0x00007ffae9c60000 - 0x00007ffae9c7b000 	D:\Android Studio\jbr\bin\VCRUNTIME140.dll
0x00007ffad4290000 - 0x00007ffad42a8000 	D:\Android Studio\jbr\bin\jli.dll
0x00007ffaf3fe0000 - 0x00007ffaf41a6000 	C:\WINDOWS\System32\USER32.dll
0x00007ffaf39d0000 - 0x00007ffaf39f7000 	C:\WINDOWS\System32\win32u.dll
0x00007ffad97c0000 - 0x00007ffad9a52000 	C:\WINDOWS\WinSxS\amd64_microsoft.windows.common-controls_6595b64144ccf1df_6.0.26100.8328_none_3e08182ce334b678\COMCTL32.dll
0x00007ffaf5aa0000 - 0x00007ffaf5b49000 	C:\WINDOWS\System32\msvcrt.dll
0x00007ffaf3fb0000 - 0x00007ffaf3fdb000 	C:\WINDOWS\System32\GDI32.dll
0x00007ffaf3a00000 - 0x00007ffaf3b2c000 	C:\WINDOWS\System32\gdi32full.dll
0x00007ffaf3920000 - 0x00007ffaf39c3000 	C:\WINDOWS\System32\msvcp_win.dll
0x00007ffaf3e40000 - 0x00007ffaf3e72000 	C:\WINDOWS\System32\IMM32.DLL
0x00007ffaefa50000 - 0x00007ffaefa5c000 	D:\Android Studio\jbr\bin\vcruntime140_1.dll
0x00007ffab1ae0000 - 0x00007ffab1b6d000 	D:\Android Studio\jbr\bin\msvcp140.dll
0x00007ffa67580000 - 0x00007ffa68216000 	D:\Android Studio\jbr\bin\server\jvm.dll
0x00007ffaf5be0000 - 0x00007ffaf5c96000 	C:\WINDOWS\System32\ADVAPI32.dll
0x00007ffaf4e90000 - 0x00007ffaf4f37000 	C:\WINDOWS\System32\sechost.dll
0x00007ffaf3e90000 - 0x00007ffaf3fa8000 	C:\WINDOWS\System32\RPCRT4.dll
0x00007ffaf4300000 - 0x00007ffaf4380000 	C:\WINDOWS\System32\WS2_32.dll
0x00007ffaf25e0000 - 0x00007ffaf263e000 	C:\WINDOWS\SYSTEM32\POWRPROF.dll
0x00007ffae1880000 - 0x00007ffae18b6000 	C:\WINDOWS\SYSTEM32\WINMM.dll
0x00007ffae8da0000 - 0x00007ffae8dab000 	C:\WINDOWS\SYSTEM32\VERSION.dll
0x00007ffaf25c0000 - 0x00007ffaf25d4000 	C:\WINDOWS\SYSTEM32\UMPDC.dll
0x00007ffaf1760000 - 0x00007ffaf177b000 	C:\WINDOWS\SYSTEM32\kernel.appcore.dll
0x00007ffaeb490000 - 0x00007ffaeb49a000 	D:\Android Studio\jbr\bin\jimage.dll
0x00007ffaf0890000 - 0x00007ffaf0ad2000 	C:\WINDOWS\SYSTEM32\DBGHELP.DLL
0x00007ffaf4570000 - 0x00007ffaf48f3000 	C:\WINDOWS\System32\combase.dll
0x00007ffaf4920000 - 0x00007ffaf49f9000 	C:\WINDOWS\System32\OLEAUT32.dll
0x00007ffaeb700000 - 0x00007ffaeb73b000 	C:\WINDOWS\SYSTEM32\dbgcore.DLL
0x00007ffaf33b0000 - 0x00007ffaf3458000 	C:\WINDOWS\System32\bcryptPrimitives.dll
0x00007ffae9c20000 - 0x00007ffae9c40000 	D:\Android Studio\jbr\bin\java.dll

JVMTI agents: none

dbghelp: loaded successfully - version: 4.0.5 - missing functions: none
symbol engine: initialized successfully - sym options: 0x614 - pdb path: .;D:\Android Studio\jbr\bin;C:\WINDOWS\SYSTEM32;C:\WINDOWS\WinSxS\amd64_microsoft.windows.common-controls_6595b64144ccf1df_6.0.26100.8328_none_3e08182ce334b678;D:\Android Studio\jbr\bin\server

VM Arguments:
java_command: org.jetbrains.kotlin.cli.jvm.K2JVMCompiler @C:\Users\Nitro\AndroidStudioProjects\OnServe\app\build\20260502_11688539548535864671.compiler.options
java_class_path (initial): C:\Users\Nitro\.gradle\caches\modules-2\files-2.1\org.jetbrains.kotlin\kotlin-compiler-embeddable\2.2.10\6882d39ef03b18879c1a5d2a83c2212361bed5fe\kotlin-compiler-embeddable-2.2.10.jar;C:\Users\Nitro\.gradle\caches\modules-2\files-2.1\org.jetbrains.kotlin\kotlin-stdlib\2.2.10\30de6faa127a4a012db8e71bf1b9c0a99b1402b2\kotlin-stdlib-2.2.10.jar;C:\Users\Nitro\.gradle\caches\modules-2\files-2.1\org.jetbrains.kotlin\kotlin-script-runtime\2.2.10\712f9bc08f378c13a4a00f0bbb28c76e59183e83\kotlin-script-runtime-2.2.10.jar;C:\Users\Nitro\.gradle\caches\modules-2\files-2.1\org.jetbrains.kotlin\kotlin-reflect\1.6.10\1cbe9c92c12a94eea200d23c2bbaedaf3daf5132\kotlin-reflect-1.6.10.jar;C:\Users\Nitro\.gradle\caches\modules-2\files-2.1\org.jetbrains.kotlin\kotlin-daemon-embeddable\2.2.10\212fd3c2c6e4e5d0f4db3c4191233e2b622380cc\kotlin-daemon-embeddable-2.2.10.jar;C:\Users\Nitro\.gradle\caches\modules-2\files-2.1\org.jetbrains.kotlinx\kotlinx-coroutines-core-jvm\1.8.0\ac1dc37a30a93150b704022f8d895ee1bd3a36b3\kotlinx-coroutines-core-jvm-1.8.0.jar;C:\Users\Nitro\.gradle\caches\modules-2\files-2.1\org.jetbrains\annotations\13.0\919f0dfe192fb4e063e7dacadee7f8bb9a2672a9\annotations-13.0.jar
Launcher Type: SUN_STANDARD

[Global flags]
     intx CICompilerCount                          = 12                                        {product} {ergonomic}
     uint ConcGCThreads                            = 3                                         {product} {ergonomic}
     uint G1ConcRefinementThreads                  = 13                                        {product} {ergonomic}
   size_t G1HeapRegionSize                         = 2097152                                   {product} {ergonomic}
    uintx GCDrainStackTargetSize                   = 64                                        {product} {ergonomic}
   size_t InitialHeapSize                          = 264241152                                 {product} {ergonomic}
   size_t MarkStackSize                            = 4194304                                   {product} {ergonomic}
   size_t MaxHeapSize                              = 4213178368                                {product} {ergonomic}
   size_t MinHeapDeltaBytes                        = 2097152                                   {product} {ergonomic}
   size_t MinHeapSize                              = 8388608                                   {product} {ergonomic}
    uintx NonNMethodCodeHeapSize                   = 7602480                                {pd product} {ergonomic}
    uintx NonProfiledCodeHeapSize                  = 122027880                              {pd product} {ergonomic}
    uintx ProfiledCodeHeapSize                     = 122027880                              {pd product} {ergonomic}
    uintx ReservedCodeCacheSize                    = 251658240                              {pd product} {ergonomic}
     bool SegmentedCodeCache                       = true                                      {product} {ergonomic}
   size_t SoftMaxHeapSize                          = 4213178368                             {manageable} {ergonomic}
     bool UseCompressedOops                        = true                           {product lp64_product} {ergonomic}
     bool UseG1GC                                  = true                                      {product} {ergonomic}
     bool UseLargePagesIndividualAllocation        = false                                  {pd product} {ergonomic}

Logging:
Log output configuration:
 #0: stdout all=warning uptime,level,tags foldmultilines=false
 #1: stderr all=off uptime,level,tags foldmultilines=false

Release file:
<release file has not been read>
Environment Variables:
PATH=C:\Windows\system32;C:\Windows;C:\Windows\System32\Wbem;C:\Windows\System32\WindowsPowerShell\v1.0\;C:\Windows\System32\OpenSSH\;C:\Program Files (x86)\NVIDIA Corporation\PhysX\Common;C:\Program Files\dotnet\;C:\WINDOWS\system32;C:\WINDOWS;C:\WINDOWS\System32\Wbem;C:\WINDOWS\System32\WindowsPowerShell\v1.0\;C:\WINDOWS\System32\OpenSSH\;C:\Program Files\Git\cmd;C:\Program Files\NVIDIA Corporation\NVIDIA App\NvDLISR;C:\Program Files\PuTTY\;C:\Users\Nitro\AppData\Local\Microsoft\WindowsApps;C:\Users\Nitro\AppData\Local\GitHubDesktop\bin
USERNAME=Nitro
OS=Windows_NT
PROCESSOR_IDENTIFIER=Intel64 Family 6 Model 154 Stepping 3, GenuineIntel
TMP=C:\Users\Nitro\AppData\Local\Temp
TEMP=C:\Users\Nitro\AppData\Local\Temp




Periodic native trim disabled

JNI global refs:
JNI global refs: 0, weak refs: 0

JNI global refs memory usage: 0, weak refs: 0

Process memory usage:
Resident Set Size: 13244K (0% of 16456184K total physical memory with 979044K free physical memory)

OOME stack traces (most recent first):
Classloader memory used:

---------------  S Y S T E M  ---------------

OS:
 Windows 11 , 64 bit Build 26100 (10.0.26100.8328)
OS uptime: 0 days 16:16 hours
Hyper-V role detected

CPU: total 16 (initial active 16) (8 cores per cpu, 2 threads per core) family 6 model 154 stepping 3 microcode 0x423, cx8, cmov, fxsr, ht, mmx, 3dnowpref, sse, sse2, sse3, ssse3, sse4.1, sse4.2, popcnt, lzcnt, tsc, tscinvbit, avx, avx2, aes, erms, clmul, bmi1, bmi2, adx, sha, fma, vzeroupper, clflush, clflushopt, clwb, hv, serialize, rdtscp, rdpid, fsrm, f16c, cet_ibt, cet_ss
Processor Information for processor 0
  Max Mhz: 2700, Current Mhz: 2700, Mhz Limit: 2700
Processor Information for processor 1
  Max Mhz: 2700, Current Mhz: 2700, Mhz Limit: 2700
Processor Information for processor 2
  Max Mhz: 2700, Current Mhz: 2700, Mhz Limit: 2700
Processor Information for processor 3
  Max Mhz: 2700, Current Mhz: 1489, Mhz Limit: 2700
Processor Information for processor 4
  Max Mhz: 2700, Current Mhz: 2700, Mhz Limit: 2700
Processor Information for processor 5
  Max Mhz: 2700, Current Mhz: 2700, Mhz Limit: 2700
Processor Information for processor 6
  Max Mhz: 2700, Current Mhz: 2700, Mhz Limit: 2700
Processor Information for processor 7
  Max Mhz: 2700, Current Mhz: 2700, Mhz Limit: 2700
Processor Information for processor 8
  Max Mhz: 2700, Current Mhz: 2700, Mhz Limit: 2700
Processor Information for processor 9
  Max Mhz: 2700, Current Mhz: 2700, Mhz Limit: 2700
Processor Information for processor 10
  Max Mhz: 2700, Current Mhz: 2700, Mhz Limit: 2700
Processor Information for processor 11
  Max Mhz: 2700, Current Mhz: 2700, Mhz Limit: 2700
Processor Information for processor 12
  Max Mhz: 2700, Current Mhz: 1526, Mhz Limit: 1971
Processor Information for processor 13
  Max Mhz: 2700, Current Mhz: 1526, Mhz Limit: 1971
Processor Information for processor 14
  Max Mhz: 2700, Current Mhz: 1526, Mhz Limit: 1971
Processor Information for processor 15
  Max Mhz: 2700, Current Mhz: 1526, Mhz Limit: 1971

Memory: 4k page, system-wide physical 16070M (956M free)
TotalPageFile size 18118M (AvailPageFile size 152M)
current process WorkingSet (physical memory assigned to process): 12M, peak: 12M
current process commit charge ("private bytes"): 70M, peak: 322M

vm_info: OpenJDK 64-Bit Server VM (21.0.10+-14961533-b1163.108) for windows-amd64 JRE (21.0.10+-14961533-b1163.108), built on 2026-03-02T19:58:50Z by "builder" with MS VC++ 16.10 / 16.11 (VS2019)

END.
